[INFO] Scanning for projects...
[INFO] 
[INFO] -------------< com.Factory:Machine-Events-Backend-system >--------------
[INFO] Building machine-events-system 0.0.1-SNAPSHOT
[INFO]   from pom.xml
[INFO] --------------------------------[ jar ]---------------------------------
[INFO] 
[INFO] --- clean:3.3.2:clean (default-clean) @ Machine-Events-Backend-system ---
[INFO] Deleting C:\Users\likit\Desktop\Factory_Machine_Event_Backend_System\target
[INFO] 
[INFO] --- resources:3.3.1:resources (default-resources) @ Machine-Events-Backend-system ---
[INFO] Copying 1 resource from src\main\resources to target\classes
[INFO] Copying 0 resource from src\main\resources to target\classes
[INFO] 
[INFO] --- compiler:3.11.0:compile (default-compile) @ Machine-Events-Backend-system ---
[INFO] Changes detected - recompiling the module! :source
[INFO] Compiling 8 source files with javac [debug release 17] to target\classes
[INFO] 
[INFO] --- resources:3.3.1:testResources (default-testResources) @ Machine-Events-Backend-system ---
[INFO] Copying 1 resource from src\test\resources to target\test-classes
[INFO] 
[INFO] --- compiler:3.11.0:testCompile (default-testCompile) @ Machine-Events-Backend-system ---
[INFO] Changes detected - recompiling the module! :dependency
[INFO] Compiling 6 source files with javac [debug release 17] to target\test-classes
[INFO] -------------------------------------------------------------
[ERROR] COMPILATION ERROR : 
[INFO] -------------------------------------------------------------
[ERROR] /C:/Users/likit/Desktop/Factory_Machine_Event_Backend_System/src/test/java/com/antigravity/Factory_Machine_Event_Backend_System/DatabaseConnectionTest.java:[10,39] package com.Factory.machineevents.model does not exist
[ERROR] /C:/Users/likit/Desktop/Factory_Machine_Event_Backend_System/src/test/java/com/antigravity/Factory_Machine_Event_Backend_System/DatabaseConnectionTest.java:[11,44] package com.Factory.machineevents.repository does not exist
[ERROR] /C:/Users/likit/Desktop/Factory_Machine_Event_Backend_System/src/test/java/com/antigravity/Factory_Machine_Event_Backend_System/DatabaseConnectionTest.java:[30,13] cannot find symbol
  symbol:   class MachineEventRepository
  location: class com.antigravity.Factory_Machine_Event_Backend_System.DatabaseConnectionTest
[INFO] 3 errors 
[INFO] -------------------------------------------------------------
[INFO] ------------------------------------------------------------------------
[INFO] BUILD FAILURE
[INFO] ------------------------------------------------------------------------
[INFO] Total time:  9.929 s
[INFO] Finished at: 2026-01-30T16:06:37+05:30
[INFO] ------------------------------------------------------------------------
[ERROR] Failed to execute goal org.apache.maven.plugins:maven-compiler-plugin:3.11.0:testCompile (default-testCompile) on project Machine-Events-Backend-system: Compilation failure: Compilation failure: 
[ERROR] /C:/Users/likit/Desktop/Factory_Machine_Event_Backend_System/src/test/java/com/antigravity/Factory_Machine_Event_Backend_System/DatabaseConnectionTest.java:[10,39] package com.Factory.machineevents.model does not exist
[ERROR] /C:/Users/likit/Desktop/Factory_Machine_Event_Backend_System/src/test/java/com/antigravity/Factory_Machine_Event_Backend_System/DatabaseConnectionTest.java:[11,44] package com.Factory.machineevents.repository does not exist
[ERROR] /C:/Users/likit/Desktop/Factory_Machine_Event_Backend_System/src/test/java/com/antigravity/Factory_Machine_Event_Backend_System/DatabaseConnectionTest.java:[30,13] cannot find symbol
[ERROR]   symbol:   class MachineEventRepository
[ERROR]   location: class com.antigravity.Factory_Machine_Event_Backend_System.DatabaseConnectionTest
[ERROR] -> [Help 1]
[ERROR] 
[ERROR] To see the full stack trace of the errors, re-run Maven with the -e switch.
[ERROR] Re-run Maven using the -X switch to enable full debug logging.
[ERROR] 
[ERROR] For more information about the errors and possible solutions, please read the following articles:
[ERROR] [Help 1] http://cwiki.apache.org/confluence/display/MAVEN/MojoFailureException
